=== Effortless-EntityFramework Substrate Test Run ===

Building runner...

Build succeeded.
    0 Warning(s)
    0 Error(s)

Time Elapsed 00:00:03.62

Running runner...
Effortless-EntityFramework Substrate Test Runner
==================================================
EF model: 264 entity types
  seeded abundant_knowledge_gaps.json: 3 rows
  seeded access_denial_tests.json: 17 rows
  seeded access_policies.json: 781 rows
  seeded access_principals.json: 20 rows
  seeded actions.json: 10 rows
  seeded activity_relations.json: 5 rows
  note agent_decision_records.json: columns in no blank-test row, seeded NULL: override_reason_kind, under_role_assignment
  seeded agent_decision_records.json: 3 rows
  seeded agent_integrations.json: 7 rows
  seeded agent_upgrade_assessments.json: 2 rows
  seeded agents.json: 55 rows
  seeded ai_adoption_initiatives.json: 9 rows
  seeded ai_agent_accountabilities.json: 4 rows
  seeded ai_insight_proposals.json: 6 rows
  seeded ai_labeling_runs.json: 3 rows
  seeded ai_model_deployments.json: 6 rows
  seeded ai_model_evaluations.json: 3 rows
  seeded ai_registry_model_versions.json: 6 rows
  seeded ai_tool_invocations.json: 3 rows
  seeded answer_groundings.json: 14 rows
  seeded answer_requirement_checks.json: 2 rows
  seeded app_action_fields.json: 100 rows
  seeded app_actions.json: 20 rows
  seeded app_nav_groups.json: 23 rows
  seeded app_role_profiles.json: 20 rows
  seeded app_route_questions.json: 151 rows
  seeded app_route_references.json: 315 rows
  seeded app_routes.json: 149 rows
  seeded app_users.json: 20 rows
  seeded applicability_scopes.json: 5 rows
  seeded article_claims.json: 900 rows
  note artifact_handoffs.json: columns in no blank-test row, seeded NULL: handoff_closure
  seeded artifact_handoffs.json: 12 rows
  seeded assignment_instant_checks.json: 4 rows
  seeded assignment_routed_notices.json: 6 rows
  seeded assignment_update_policies.json: 3 rows
  seeded assistant_answers.json: 13 rows
  seeded assistant_benchmarks.json: 4 rows
  seeded authoring_submissions.json: 3 rows
  seeded authority_boundaries.json: 3 rows
  seeded business_outcomes.json: 3 rows
  seeded capability_declines.json: 4 rows
  seeded cell_disagreements.json: 205 rows
  seeded change_authority_rules.json: 4 rows
  seeded change_impact_findings.json: 10 rows
  seeded change_integrity_checks.json: 15 rows
  seeded change_objections.json: 2 rows
  seeded change_requests.json: 4 rows
  seeded change_validation_runs.json: 8 rows
  seeded claim_evidence.json: 900 rows
  seeded classification_facets.json: 4 rows
  seeded collected_source_materials.json: 15 rows
  seeded collection_occasions.json: 3 rows
  seeded communication_policies.json: 2 rows
  seeded communities_of_practice.json: 7 rows
  seeded community_memberships.json: 9 rows
  seeded competency_question_reviews.json: 4 rows
  seeded competency_question_runs.json: 10 rows
  seeded competency_question_set_entries.json: 8 rows
  seeded concept_ladder_rungs.json: 5 rows
  seeded condition_checks.json: 7 rows
  seeded conformance_runs.json: 5 rows
  seeded conformance_substrates.json: 8 rows
  seeded consumer_revalidations.json: 26 rows
  seeded consumer_system_syncs.json: 6 rows
  seeded corporate_governance_programs.json: 3 rows
  seeded critical_incidents.json: 3 rows
  note cue_observations.json: columns in no blank-test row, seeded NULL: acknowledged_at
  seeded cue_observations.json: 3 rows
  seeded decision_points.json: 5 rows
  seeded delivered_communications.json: 1 rows
  seeded department_process_accounts.json: 5 rows
  seeded domain_coverage_areas.json: 4 rows
  seeded drift_observations.json: 4 rows
  seeded elicitation_participants.json: 7 rows
  seeded elicitation_sessions.json: 13 rows
  seeded embedding_probes.json: 6 rows
  seeded encoding_lifecycle_stages.json: 6 rows
  seeded energy_sources.json: 4 rows
  seeded errors.json: 4 rows
  seeded evaluation_contexts.json: 1 rows
  seeded exception_invocations.json: 1 rows
  seeded exceptions.json: 4 rows
  seeded execution_entities.json: 15 rows
  seeded execution_participants.json: 4 rows
  seeded expansion_concept_fits.json: 9 rows
  seeded expected_inference_checks.json: 4 rows
  seeded expert_cognitions.json: 3 rows
  seeded explanations.json: 2 rows
  seeded external_dependency_revisions.json: 3 rows
  seeded external_standard_terms.json: 9 rows
  seeded fa_qs.json: 4 rows
  seeded facilities.json: 3 rows
  seeded failure_modes.json: 5 rows
  seeded faq_categories.json: 4 rows
  seeded faq_targets.json: 2 rows
  seeded field_disagreements.json: 27 rows
  seeded field_grants.json: 18467 rows
  seeded fragment_corroborations.json: 4 rows
  seeded functions.json: 11 rows
  seeded governance_stage_controls.json: 20 rows
  seeded governed_models.json: 7 rows
  seeded grounding_snapshots.json: 3 rows
  seeded instance_data_versions.json: 2 rows
  seeded integration_pathways.json: 4 rows
  seeded interview_probes.json: 4 rows
  seeded issue_occurrences.json: 4 rows
  seeded jwt_claim_mappings.json: 4 rows
  seeded know_how_carriers.json: 13 rows
  seeded knowledge_audit_items.json: 12 rows
  seeded knowledge_audits.json: 4 rows
  seeded knowledge_broker_links.json: 8 rows
  seeded knowledge_capture_initiatives.json: 3 rows
  seeded knowledge_consumer_systems.json: 8 rows
  seeded knowledge_conversions.json: 5 rows
  seeded knowledge_deliverables.json: 10 rows
  seeded knowledge_fragments.json: 12 rows
  seeded knowledge_gaps.json: 15 rows
  seeded knowledge_holdings.json: 10 rows
  seeded knowledge_methods.json: 26 rows
  seeded knowledge_outcome_measurements.json: 7 rows
  seeded knowledge_projections.json: 7 rows
  seeded knowledge_query_definitions.json: 4 rows
  seeded knowledge_query_sources.json: 6 rows
  seeded knowledge_repository_entries.json: 8 rows
  seeded knowledge_search_events.json: 6 rows
  seeded knowledge_test_outcomes.json: 5 rows
  seeded knowledge_traces.json: 15 rows
  seeded knowledge_transfers.json: 9 rows
  seeded knowledge_workforce_positions.json: 4 rows
  seeded learning_activities.json: 2 rows
  seeded level_capture_strategies.json: 5 rows
  seeded level_pyramid_questions.json: 5 rows
  seeded lifecycle_statuses.json: 11 rows
  seeded lock_devices.json: 3 rows
  seeded machine_energy_sources.json: 6 rows
  seeded machine_types.json: 3 rows
  seeded machines.json: 3 rows
  seeded mentorships.json: 5 rows
  note message_deliveries.json: columns in no blank-test row, seeded NULL: approval_decided_at_send, approving_agent_at_send, approving_role_at_send, reminder_count, reminder_sent_at
  seeded message_deliveries.json: 6 rows
  seeded message_templates.json: 2 rows
  seeded method_applications.json: 20 rows
  seeded mined_flow_edges.json: 6 rows
  seeded model_activity_experts.json: 16 rows
  seeded model_annotations.json: 9 rows
  seeded model_change_log_entries.json: 17 rows
  seeded model_change_requests.json: 17 rows
  seeded model_charters.json: 8 rows
  seeded model_consumers.json: 4 rows
  seeded model_data_mapping_runs.json: 4 rows
  seeded model_documents.json: 5 rows
  seeded model_expansion_requests.json: 3 rows
  seeded model_pilots.json: 3 rows
  seeded model_proposals.json: 11 rows
  seeded observed_actions.json: 5 rows
  seeded observed_transitions.json: 10 rows
  seeded onboarding_records.json: 7 rows
  note ontology_profiles.json: columns in no blank-test row, seeded NULL: namespace_checked_at, namespace_http_status, namespace_serves_rdf
  seeded ontology_profiles.json: 27 rows
  seeded ontology_support_programmes.json: 2 rows
  seeded operational_bindings.json: 5 rows
  seeded organizations.json: 18 rows
  seeded practitioner_expertise.json: 5 rows
  seeded principal_assignments.json: 22 rows
  seeded problem_occurrences.json: 5 rows
  seeded procedure_adoptions.json: 3 rows
  seeded procedure_executions.json: 10 rows
  seeded procedure_facet_assignments.json: 12 rows
  seeded procedure_lens_views.json: 15 rows
  seeded procedure_outcome_criteria.json: 5 rows
  seeded procedure_resources.json: 12 rows
  seeded procedure_status_changes.json: 13 rows
  seeded procedure_targets.json: 6 rows
  seeded procedure_types.json: 17 rows
  seeded procedure_version_links.json: 2 rows
  seeded procedure_versions.json: 9 rows
  seeded procedures.json: 10 rows
  seeded process_design_decisions.json: 3 rows
  seeded process_interdependencies.json: 4 rows
  seeded process_knowledge_levels.json: 3 rows
  seeded process_level_statements.json: 8 rows
  seeded process_mining_runs.json: 5 rows
  seeded process_outcome_measures.json: 5 rows
  seeded process_stages.json: 7 rows
  seeded process_strategic_alignments.json: 4 rows
  seeded prompt_templates.json: 5 rows
  seeded protective_equipment.json: 3 rows
  seeded provider_engagements.json: 7 rows
  seeded quality_assessments.json: 11 rows
  seeded quality_criteria.json: 8 rows
  seeded rationales.json: 4 rows
  seeded reasoner_runs.json: 5 rows
  seeded recipients.json: 5 rows
  seeded records_retention_policies.json: 4 rows
  seeded regulatory_frameworks.json: 2 rows
  seeded relation_types.json: 11 rows
  seeded repertory_grid_constructs.json: 3 rows
  seeded representation_reviews.json: 4 rows
  seeded requirement_satisfactions.json: 8 rows
  note requirements.json: columns in no blank-test row, seeded NULL: minimum_sample_for_assurance
  seeded requirements.json: 16 rows
  seeded resources.json: 19 rows
  seeded retrieval_segments.json: 9 rows
  seeded review_events.json: 3 rows
  seeded role_assignment_update_tasks.json: 6 rows
  note role_assignments.json: columns in no blank-test row, seeded NULL: authorization_decided_at, authorization_review_cadence_days, authorization_reviewed_at, is_enforcement_role, max_tolerable_error_rate_percent, minimum_decisions_for_comparison
  seeded role_assignments.json: 36 rows
  seeded role_capability_tags.json: 9 rows
  seeded role_questions.json: 442 rows
  seeded role_schema_views.json: 762 rows
  seeded role_schemas.json: 20 rows
  seeded roles.json: 33 rows
  seeded rulebook_fields.json: 5185 rows
  seeded rulebook_releases.json: 9 rows
  seeded rulebook_tables.json: 264 rows
  seeded scheme_refinements.json: 2 rows
  seeded semantic_mappings.json: 357 rows
  note send_intents.json: columns in no blank-test row, seeded NULL: alternate_channel_intent, approver_was_notified, evaluating_role_assignment, gate_result_was_independently_confirmed, refusal_notified_role, refusal_recorded_at, retry_intent
  seeded send_intents.json: 7 rows
  seeded sharing_recognitions.json: 2 rows
  seeded situational_variants.json: 4 rows
  seeded snapshot_assertions.json: 15 rows
  seeded source_articles.json: 5 rows
  seeded source_relationships.json: 4 rows
  seeded source_term_mentions.json: 25 rows
  seeded sourcing_functions.json: 12 rows
  seeded stakeholder_lenses.json: 9 rows
  seeded stakeholder_perspectives.json: 5 rows
  seeded stakeholder_questions.json: 6 rows
  seeded staleness_query_runs.json: 3 rows
  seeded step_actions.json: 10 rows
  seeded step_conditions.json: 7 rows
  seeded step_context_sensitivities.json: 4 rows
  seeded step_cues.json: 4 rows
  seeded step_executions.json: 70 rows
  seeded step_functions.json: 10 rows
  seeded step_lock_requirements.json: 3 rows
  seeded step_protective_equipment.json: 3 rows
  seeded step_requirements.json: 18 rows
  seeded step_resources.json: 2 rows
  seeded step_tools.json: 11 rows
  note step_transitions.json: columns in no blank-test row, seeded NULL: leads_to_closure, leads_without_human_gate_closure
  seeded step_transitions.json: 43 rows
  seeded step_variables.json: 21 rows
  seeded step_verifications.json: 11 rows
  seeded steps.json: 41 rows
  seeded steward_activities.json: 10 rows
  seeded stewardship_assignments.json: 2 rows
  seeded substrate_run_scores.json: 35 rows
  seeded table_conformance.json: 623 rows
  seeded tactical_resource_allocations.json: 5 rows
  seeded template_approvals.json: 2 rows
  seeded term_definitions.json: 3 rows
  seeded term_label_variants.json: 53 rows
  seeded term_meaning_changes.json: 3 rows
  seeded term_relations.json: 4 rows
  seeded test_cases.json: 1794 rows
  seeded test_suites.json: 6 rows
  seeded tools.json: 9 rows
  seeded user_feedback.json: 6 rows
  seeded user_questions.json: 4 rows
  seeded verification_outcomes.json: 4 rows
  seeded vocabularies.json: 12 rows
  seeded vocabulary_terms.json: 44 rows
  seeded witness_loops.json: 16 rows
  seeded workflow_view_divergences.json: 2 rows
  -> abundant_knowledge_gaps.json (AbundantKnowledgeGap): 3 records
  -> access_denial_tests.json (AccessDenialTest): 17 records
  -> access_policies.json (AccessPolicy): 781 records
  -> access_principals.json (AccessPrincipal): 20 records
  -> actions.json (Action): 10 records
  -> activity_relations.json (ActivityRelation): 5 records
  -> agent_decision_records.json (AgentDecisionRecord): 3 records
  -> agent_integrations.json (AgentIntegration): 7 records
  -> agent_upgrade_assessments.json (AgentUpgradeAssessment): 2 records
  -> agents.json (Agent): 55 records
  -> ai_adoption_initiatives.json (AiAdoptionInitiatif): 9 records
  -> ai_agent_accountabilities.json (AiAgentAccountability): 4 records
  -> ai_insight_proposals.json (AiInsightProposal): 6 records
  -> ai_labeling_runs.json (AiLabelingRun): 3 records
  -> ai_model_deployments.json (AiModelDeployment): 6 records
  -> ai_model_evaluations.json (AiModelEvaluation): 3 records
  -> ai_registry_model_versions.json (AiRegistryModelVersion): 6 records
  -> ai_tool_invocations.json (AiToolInvocation): 3 records
  -> answer_groundings.json (AnswerGrounding): 14 records
  -> answer_requirement_checks.json (AnswerRequirementCheck): 2 records
  -> app_action_fields.json (AppActionField): 100 records
  -> app_actions.json (AppAction): 20 records
  -> app_nav_groups.json (AppNavGroup): 23 records
  -> app_role_profiles.json (AppRoleProfile): 20 records
  -> app_route_questions.json (AppRouteQuestion): 151 records
  -> app_route_references.json (AppRouteReference): 315 records
  -> app_routes.json (AppRoute): 149 records
  -> app_users.json (AppUser): 20 records
  -> applicability_scopes.json (ApplicabilityScope): 5 records
  -> article_claims.json (ArticleClaim): 900 records
  -> artifact_handoffs.json (ArtifactHandoff): 12 records
  -> assignment_instant_checks.json (AssignmentInstantCheck): 4 records
  -> assignment_routed_notices.json (AssignmentRoutedNotice): 6 records
  -> assignment_update_policies.json (AssignmentUpdatePolicy): 3 records
  -> assistant_answers.json (AssistantAnswer): 13 records
  -> assistant_benchmarks.json (AssistantBenchmark): 4 records
  -> authoring_submissions.json (AuthoringSubmission): 3 records
  -> authority_boundaries.json (AuthorityBoundary): 3 records
  -> business_outcomes.json (BusinessOutcome): 3 records
  -> capability_declines.json (CapabilityDecline): 4 records
  -> cell_disagreements.json (CellDisagreement): 205 records
  -> change_authority_rules.json (ChangeAuthorityRule): 4 records
  -> change_impact_findings.json (ChangeImpactFinding): 10 records
  -> change_integrity_checks.json (ChangeIntegrityCheck): 15 records
  -> change_objections.json (ChangeObjection): 2 records
  -> change_requests.json (ChangeRequest): 4 records
  -> change_validation_runs.json (ChangeValidationRun): 8 records
  -> claim_evidence.json (ClaimEvidence): 900 records
  -> classification_facets.json (ClassificationFacet): 4 records
  -> collected_source_materials.json (CollectedSourceMaterial): 15 records
  -> collection_occasions.json (CollectionOccasion): 3 records
  WARNING communication_policies.json: keys with no CommunicationPolicy property, echoed from the blank test: requires_opt_out
  -> communication_policies.json (CommunicationPolicy): 2 records
  -> communities_of_practice.json (CommunitiesOfPractice): 7 records
  -> community_memberships.json (CommunityMembership): 9 records
  -> competency_question_reviews.json (CompetencyQuestionReview): 4 records
  -> competency_question_runs.json (CompetencyQuestionRun): 10 records
  -> competency_question_set_entries.json (CompetencyQuestionSetEntry): 8 records
  -> concept_ladder_rungs.json (ConceptLadderRung): 5 records
  -> condition_checks.json (ConditionCheck): 7 records
  -> conformance_runs.json (ConformanceRun): 5 records
  -> conformance_substrates.json (ConformanceSubstrate): 8 records
  -> consumer_revalidations.json (ConsumerRevalidation): 26 records
  -> consumer_system_syncs.json (ConsumerSystemSync): 6 records
  -> corporate_governance_programs.json (CorporateGovernanceProgram): 3 records
  -> critical_incidents.json (CriticalIncident): 3 records
  -> cue_observations.json (CueObservation): 3 records
  -> decision_points.json (DecisionPoint): 5 records
  -> delivered_communications.json (DeliveredCommunication): 1 records
  -> department_process_accounts.json (DepartmentProcessAccount): 5 records
  -> domain_coverage_areas.json (DomainCoverageArea): 4 records
  -> drift_observations.json (DriftObservation): 4 records
  -> elicitation_participants.json (ElicitationParticipant): 7 records
  -> elicitation_sessions.json (ElicitationSession): 13 records
  -> embedding_probes.json (EmbeddingProbe): 6 records
  -> encoding_lifecycle_stages.json (EncodingLifecycleStage): 6 records
  -> energy_sources.json (EnergySource): 4 records
  -> errors.json (Error): 4 records
  -> evaluation_contexts.json (EvaluationContext): 1 records
  -> exception_invocations.json (ExceptionInvocation): 1 records
  -> exceptions.json (Exception): 4 records
  -> execution_entities.json (ExecutionEntity): 15 records
  -> execution_participants.json (ExecutionParticipant): 4 records
  -> expansion_concept_fits.json (ExpansionConceptFit): 9 records
  -> expected_inference_checks.json (ExpectedInferenceCheck): 4 records
  -> expert_cognitions.json (ExpertCognition): 3 records
  -> explanations.json (Explanation): 2 records
  -> external_dependency_revisions.json (ExternalDependencyRevision): 3 records
  -> external_standard_terms.json (ExternalStandardTerm): 9 records
  -> fa_qs.json (FAQ): 4 records
  -> facilities.json (Facility): 3 records
  -> failure_modes.json (FailureMode): 5 records
  -> faq_categories.json (FaqCategory): 4 records
  -> faq_targets.json (FaqTarget): 2 records
  -> field_disagreements.json (FieldDisagreement): 27 records
  -> field_grants.json (FieldGrant): 18467 records
  -> fragment_corroborations.json (FragmentCorroboration): 4 records
  -> functions.json (Function): 11 records
  -> governance_stage_controls.json (GovernanceStageControl): 20 records
  -> governed_models.json (GovernedModel): 7 records
  -> grounding_snapshots.json (GroundingSnapshot): 3 records
  -> instance_data_versions.json (InstanceDataVersion): 2 records
  -> integration_pathways.json (IntegrationPathway): 4 records
  -> interview_probes.json (InterviewProbe): 4 records
  -> issue_occurrences.json (IssueOccurrence): 4 records
  -> jwt_claim_mappings.json (JwtClaimMapping): 4 records
  -> know_how_carriers.json (KnowHowCarrier): 13 records
  -> knowledge_audit_items.json (KnowledgeAuditItem): 12 records
  -> knowledge_audits.json (KnowledgeAudit): 4 records
  -> knowledge_broker_links.json (KnowledgeBrokerLink): 8 records
  -> knowledge_capture_initiatives.json (KnowledgeCaptureInitiatif): 3 records
  -> knowledge_consumer_systems.json (KnowledgeConsumerSystem): 8 records
  -> knowledge_conversions.json (KnowledgeConversion): 5 records
  -> knowledge_deliverables.json (KnowledgeDeliverable): 10 records
  -> knowledge_fragments.json (KnowledgeFragment): 12 records
  -> knowledge_gaps.json (KnowledgeGap): 15 records
  -> knowledge_holdings.json (KnowledgeHolding): 10 records
  -> knowledge_methods.json (KnowledgeMethod): 26 records
  -> knowledge_outcome_measurements.json (KnowledgeOutcomeMeasurement): 7 records
  -> knowledge_projections.json (KnowledgeProjection): 7 records
  -> knowledge_query_definitions.json (KnowledgeQueryDefinition): 4 records
  -> knowledge_query_sources.json (KnowledgeQuerySource): 6 records
  -> knowledge_repository_entries.json (KnowledgeRepositoryEntry): 8 records
  -> knowledge_search_events.json (KnowledgeSearchEvent): 6 records
  -> knowledge_test_outcomes.json (KnowledgeTestOutcome): 5 records
  -> knowledge_traces.json (KnowledgeTrace): 15 records
  -> knowledge_transfers.json (KnowledgeTransfer): 9 records
  -> knowledge_workforce_positions.json (KnowledgeWorkforcePosition): 4 records
  -> learning_activities.json (LearningActivity): 2 records
  -> level_capture_strategies.json (LevelCaptureStrategy): 5 records
  -> level_pyramid_questions.json (LevelPyramidQuestion): 5 records
  -> lifecycle_statuses.json (LifecycleStatuse): 11 records
  -> lock_devices.json (LockDevice): 3 records
  -> machine_energy_sources.json (MachineEnergySource): 6 records
  -> machine_types.json (MachineType): 3 records
  -> machines.json (Machine): 3 records
  -> mentorships.json (Mentorship): 5 records
  -> message_deliveries.json (MessageDelivery): 6 records
  -> message_templates.json (MessageTemplate): 2 records
  -> method_applications.json (MethodApplication): 20 records
  -> mined_flow_edges.json (MinedFlowEdge): 6 records
  -> model_activity_experts.json (ModelActivityExpert): 16 records
  -> model_annotations.json (ModelAnnotation): 9 records
  -> model_change_log_entries.json (ModelChangeLogEntry): 17 records
  -> model_change_requests.json (ModelChangeRequest): 17 records
  -> model_charters.json (ModelCharter): 8 records
  -> model_consumers.json (ModelConsumer): 4 records
  -> model_data_mapping_runs.json (ModelDataMappingRun): 4 records
  -> model_documents.json (ModelDocument): 5 records
  -> model_expansion_requests.json (ModelExpansionRequest): 3 records
  -> model_pilots.json (ModelPilot): 3 records
  -> model_proposals.json (ModelProposal): 11 records
  -> observed_actions.json (ObservedAction): 5 records
  -> observed_transitions.json (ObservedTransition): 10 records
  -> onboarding_records.json (OnboardingRecord): 7 records
  -> ontology_profiles.json (OntologyProfile): 27 records
  -> ontology_support_programmes.json (OntologySupportProgramme): 2 records
  -> operational_bindings.json (OperationalBinding): 5 records
  -> organizations.json (Organization): 18 records
  -> practitioner_expertise.json (PractitionerExpertise): 5 records
  -> principal_assignments.json (PrincipalAssignment): 22 records
  -> problem_occurrences.json (ProblemOccurrence): 5 records
  -> procedure_adoptions.json (ProcedureAdoption): 3 records
  -> procedure_executions.json (ProcedureExecution): 10 records
  -> procedure_facet_assignments.json (ProcedureFacetAssignment): 12 records
  -> procedure_lens_views.json (ProcedureLensView): 15 records
  -> procedure_outcome_criteria.json (ProcedureOutcomeCriteria): 5 records
  -> procedure_resources.json (ProcedureResource): 12 records
  -> procedure_status_changes.json (ProcedureStatusChange): 13 records
  -> procedure_targets.json (ProcedureTarget): 6 records
  -> procedure_types.json (ProcedureType): 17 records
  -> procedure_version_links.json (ProcedureVersionLink): 2 records
  -> procedure_versions.json (ProcedureVersion): 9 records
  -> procedures.json (Procedure): 10 records
  -> process_design_decisions.json (ProcessDesignDecision): 3 records
  -> process_interdependencies.json (ProcessInterdependency): 4 records
  -> process_knowledge_levels.json (ProcessKnowledgeLevel): 3 records
  -> process_level_statements.json (ProcessLevelStatement): 8 records
  -> process_mining_runs.json (ProcessMiningRun): 5 records
  -> process_outcome_measures.json (ProcessOutcomeMeasure): 5 records
  -> process_stages.json (ProcessStage): 7 records
  -> process_strategic_alignments.json (ProcessStrategicAlignment): 4 records
  -> prompt_templates.json (PromptTemplate): 5 records
  -> protective_equipment.json (ProtectiveEquipment): 3 records
  -> provider_engagements.json (ProviderEngagement): 7 records
  -> quality_assessments.json (QualityAssessment): 11 records
  -> quality_criteria.json (QualityCriteria): 8 records
  -> rationales.json (Rationale): 4 records
  -> reasoner_runs.json (ReasonerRun): 5 records
  -> recipients.json (Recipient): 5 records
  -> records_retention_policies.json (RecordsRetentionPolicy): 4 records
  -> regulatory_frameworks.json (RegulatoryFramework): 2 records
  -> relation_types.json (RelationType): 11 records
  -> repertory_grid_constructs.json (RepertoryGridConstruct): 3 records
  -> representation_reviews.json (RepresentationReview): 4 records
  -> requirement_satisfactions.json (RequirementSatisfaction): 8 records
  -> requirements.json (Requirement): 16 records
  -> resources.json (Resource): 19 records
  -> retrieval_segments.json (RetrievalSegment): 9 records
  -> review_events.json (ReviewEvent): 3 records
  -> role_assignment_update_tasks.json (RoleAssignmentUpdateTask): 6 records
  -> role_assignments.json (RoleAssignment): 36 records
  -> role_capability_tags.json (RoleCapabilityTag): 9 records
  -> role_questions.json (RoleQuestion): 442 records
  -> role_schema_views.json (RoleSchemaView): 762 records
  -> role_schemas.json (RoleSchema): 20 records
  -> roles.json (Role): 33 records
  -> rulebook_fields.json (RulebookField): 5185 records
  -> rulebook_releases.json (RulebookRelease): 9 records
  -> rulebook_tables.json (RulebookTable): 264 records
  -> scheme_refinements.json (SchemeRefinement): 2 records
  -> semantic_mappings.json (SemanticMapping): 357 records
  -> send_intents.json (SendIntent): 7 records
  -> sharing_recognitions.json (SharingRecognition): 2 records
  -> situational_variants.json (SituationalVariant): 4 records
  -> snapshot_assertions.json (SnapshotAssertion): 15 records
  -> source_articles.json (SourceArticle): 5 records
  -> source_relationships.json (SourceRelationship): 4 records
  -> source_term_mentions.json (SourceTermMention): 25 records
  -> sourcing_functions.json (SourcingFunction): 12 records
  -> stakeholder_lenses.json (StakeholderLense): 9 records
  -> stakeholder_perspectives.json (StakeholderPerspectif): 5 records
  -> stakeholder_questions.json (StakeholderQuestion): 6 records
  -> staleness_query_runs.json (StalenessQueryRun): 3 records
  -> step_actions.json (StepAction): 10 records
  -> step_conditions.json (StepCondition): 7 records
  -> step_context_sensitivities.json (StepContextSensitivity): 4 records
  -> step_cues.json (StepCue): 4 records
  -> step_executions.json (StepExecution): 70 records
  -> step_functions.json (StepFunction): 10 records
  -> step_lock_requirements.json (StepLockRequirement): 3 records
  -> step_protective_equipment.json (StepProtectiveEquipment): 3 records
  -> step_requirements.json (StepRequirement): 18 records
  -> step_resources.json (StepResource): 2 records
  -> step_tools.json (StepTool): 11 records
  -> step_transitions.json (StepTransition): 43 records
  WARNING step_variables.json: keys with no StepVariable property, echoed from the blank test: artifact_flow_from, is_artifact_flow_edge
  -> step_variables.json (StepVariable): 21 records
  -> step_verifications.json (StepVerification): 11 records
  -> steps.json (Step): 41 records
  -> steward_activities.json (StewardActivity): 10 records
  -> stewardship_assignments.json (StewardshipAssignment): 2 records
  -> substrate_run_scores.json (SubstrateRunScore): 35 records
  -> table_conformance.json (TableConformance): 623 records
  -> tactical_resource_allocations.json (TacticalResourceAllocation): 5 records
  -> template_approvals.json (TemplateApproval): 2 records
  -> term_definitions.json (TermDefinition): 3 records
  -> term_label_variants.json (TermLabelVariant): 53 records
  -> term_meaning_changes.json (TermMeaningChange): 3 records
  -> term_relations.json (TermRelation): 4 records
  -> test_cases.json (TestCase): 1794 records
  -> test_suites.json (TestSuite): 6 records
  -> tools.json (Tool): 9 records
  -> user_feedback.json (UserFeedback): 6 records
  -> user_questions.json (UserQuestion): 4 records
  -> verification_outcomes.json (VerificationOutcome): 4 records
  -> vocabularies.json (Vocabulary): 12 records
  -> vocabulary_terms.json (VocabularyTerm): 44 records
  -> witness_loops.json (WitnessLoop): 16 records
  -> workflow_view_divergences.json (WorkflowViewDivergence): 2 records

effortless-entity-framework: Processed 258 entities, 33556 total records

