=== Effortless Golang Substrate Test Run ===

effortless-golang: Starting test...
  Module: /Users/eejai42/development/effortless-rulebooks/rulebook-examples/procedural-knowledge-ontology/effortless-golang
effortless-golang: Compiling...
effortless-golang: Running...
  -> vw_step_transitions_closure: 80 pairs
  -> vw_step_transitions_closure_where_avoids_human_approval_gate: 0 pairs
Go substrate: dataset settled after 4 passes
  -> access_denial_tests: 17 records
  -> access_policies: 202 records
  -> access_principals: 12 records
  -> actions: 9 records
  -> agent_decision_records: 3 records
  -> agents: 11 records
  -> app_nav_groups: 23 records
  -> app_role_profiles: 12 records
  -> app_route_questions: 151 records
  -> app_route_references: 315 records
  -> app_routes: 149 records
  -> app_users: 10 records
  -> authority_boundaries: 3 records
  -> cell_disagreements: 339 records
  -> change_requests: 2 records
  -> communication_policies: 2 records
  -> communities_of_practice: 2 records
  -> conformance_runs: 4 records
  -> conformance_substrates: 8 records
  -> delivered_communications: 1 records
  -> elicitation_sessions: 3 records
  -> errors: 2 records
  -> evaluation_contexts: 1 records
  -> exception_invocations: 1 records
  -> exceptions: 4 records
  -> explanations: 2 records
  -> fa_qs: 3 records
  -> field_disagreements: 49 records
  -> field_grants: 3639 records
  -> functions: 8 records
  -> issue_occurrences: 2 records
  -> jwt_claim_mappings: 4 records
  -> knowledge_broker_links: 5 records
  -> knowledge_fragments: 7 records
  -> knowledge_gaps: 8 records
  -> learning_activities: 2 records
  -> mentorships: 1 records
  -> message_deliveries: 6 records
  -> message_templates: 2 records
  -> observed_transitions: 10 records
  -> ontology_profiles: 11 records
  -> operational_bindings: 5 records
  -> organizations: 4 records
  -> principal_assignments: 12 records
  -> procedure_executions: 2 records
  -> procedure_resources: 8 records
  -> procedure_status_changes: 5 records
  -> procedure_types: 2 records
  -> procedure_version_links: 1 records
  -> procedure_versions: 3 records
  -> procedures: 2 records
  -> process_mining_runs: 4 records
  -> rationales: 4 records
  -> recipients: 5 records
  -> requirement_satisfactions: 8 records
  -> requirements: 13 records
  -> resources: 8 records
  -> review_events: 3 records
  -> role_assignments: 13 records
  -> role_questions: 111 records
  -> role_schema_views: 202 records
  -> role_schemas: 12 records
  -> roles: 12 records
  -> rulebook_fields: 1897 records
  -> rulebook_releases: 1 records
  -> rulebook_tables: 92 records
  -> semantic_mappings: 47 records
  -> send_intents: 7 records
  -> step_actions: 9 records
  -> step_executions: 12 records
  -> step_functions: 8 records
  -> step_requirements: 15 records
  -> step_tools: 10 records
  -> step_transitions: 20 records
  -> step_verifications: 11 records
  -> steps: 17 records
  -> stewardship_assignments: 2 records
  -> substrate_run_scores: 28 records
  -> table_conformance: 623 records
  -> template_approvals: 2 records
  -> test_cases: 1794 records
  -> test_suites: 6 records
  -> tools: 8 records
  -> user_feedback: 2 records
  -> user_questions: 2 records
  -> verification_outcomes: 4 records
  -> vocabularies: 2 records
  -> vocabulary_terms: 12 records
  -> witness_loops: 4 records
Go substrate: wrote 10119 records across 89 tables to /Users/eejai42/development/effortless-rulebooks/rulebook-examples/procedural-knowledge-ontology/testing/effortless-golang/test-answers

