=== OWL/SHACL Substrate Test Run ===

======================================================================
OWL Execution Substrate - SHACL Reasoning Test
======================================================================

Loading rulebook...
Tables with computed columns: Customers

Loading ontology and data...
   Loaded: /Users/eejai42/development/effortless-rulebooks/execution-substrates/owl/src/ontology.owl
   Loaded: /Users/eejai42/development/effortless-rulebooks/execution-substrates/owl/src/individuals.ttl
   Total triples: 2575

Loading SHACL rules...
   Loaded: /Users/eejai42/development/effortless-rulebooks/execution-substrates/owl/src/rules.shacl.ttl
   Rule triples: 831

Running SHACL-SPARQL reasoning...
   (Multiple passes to resolve dependencies between computed fields)
   Pass 1: 2575 -> 3193 triples (618 added)
   Pass 2: 3193 -> 3229 triples (36 added)
   Pass 3: 3229 -> 3259 triples (30 added)
   Pass 4: 3259 -> 3259 triples (0 added)
   Completed in 4 passes
   Final triple count: 3259

Extracting computed values...
   Customers: 3 records (2 computed fields)

Total: 3 records extracted
Output: /Users/eejai42/development/effortless-rulebooks/toy-rulebooks/acme-llc/testing/owl/test-answers/

======================================================================
SHACL reasoning complete!
======================================================================

